Command: /home/juan/.espressif/python_env/idf6.0_py3.12_env/bin/python /home/juan/esp-idf/tools/idf_monitor.py -p /dev/ttyACM0 -b 115200 --toolchain-prefix xtensa-esp32-elf- --target esp32 --revision 0 /mnt/42849DD9849DCFB1/ufc/2025.2/Embarcados/esp32/idf/AWS_Wifi/build/AWS_Wifi.elf /mnt/42849DD9849DCFB1/ufc/2025.2/Embarcados/esp32/idf/AWS_Wifi/build/bootloader/bootloader.elf -m '/home/juan/.espressif/python_env/idf6.0_py3.12_env/bin/python' '/home/juan/esp-idf/tools/idf.py'
ets Jul 29 2019 12:21:46
ÔøΩets Jul 29 2019 12:21:46

rst:0x1 (POWERON_RESET),boot:0x13 (SPI_FAST_FLASH_BOOT)
configsip: 0, SPIWP:0xee
clk_drv:0x00,q_drv:0x00,d_drv:0x00,cs0_drv:0x00,hd_drv:0x00,wp_drv:0x00
mode:DIO, clock div:2
load:0x3fff0040,len:6376
load:0x40078000,len:15900
ho 0 tail 12 room 4
load:0x40080400,len:3920
entry 0x40080644
[0;32mI (29) boot: ESP-IDF v6.0-dev-2980-gab149384e1 2nd stage bootloader[0m
[0;32mI (29) boot: compile time Oct 22 2025 01:09:15[0m
[0;32mI (29) boot: Multicore bootloader[0m
[0;32mI (32) boot: chip revision: v3.1[0m
[0;32mI (35) boot.esp32: SPI Speed      : 40MHz[0m
[0;32mI (39) boot.esp32: SPI Mode       : DIO[0m
[0;32mI (42) boot.esp32: SPI Flash Size : 2MB[0m
[0;32mI (46) boot: Enabling RNG early entropy source...[0m
[0;32mI (50) boot: Partition Table:[0m
[0;32mI (53) boot: ## Label            Usage          Type ST Offset   Length[0m
[0;32mI (59) boot:  0 nvs              WiFi data        01 02 00009000 00006000[0m
[0;32mI (66) boot:  1 phy_init         RF data          01 01 0000f000 00001000[0m
[0;32mI (72) boot:  2 factory          factory app      00 00 00010000 00100000[0m
[0;32mI (79) boot: End of partition table[0m
[0;32mI (82) esp_image: segment 0: paddr=00010020 vaddr=3f400020 size=1f758h (128856) map[0m
[0;32mI (136) esp_image: segment 1: paddr=0002f780 vaddr=3ffb0000 size=00898h (  2200) load[0m
[0;32mI (137) esp_image: segment 2: paddr=00030020 vaddr=400d0020 size=a07a0h (657312) map[0m
[0;32mI (374) esp_image: segment 3: paddr=000d07c8 vaddr=3ffb0898 size=0388ch ( 14476) load[0m
[0;32mI (379) esp_image: segment 4: paddr=000d405c vaddr=40080000 size=15710h ( 87824) load[0m
[0;32mI (415) esp_image: segment 5: paddr=000e9774 vaddr=50000000 size=00024h (    36) load[0m
[0;32mI (426) boot: Loaded app from partition at offset 0x10000[0m
[0;32mI (427) boot: Disabling RNG early entropy source...[0m
[0;32mI (437) cpu_start: Multicore app[0m
[0;32mI (445) cpu_start: GPIO 3 and 1 are used as console UART I/O pins[0m
[0;32mI (445) cpu_start: Pro cpu start user code[0m
[0;32mI (446) cpu_start: cpu freq: 160000000 Hz[0m
[0;32mI (447) app_init: Application information:[0m
[0;32mI (451) app_init: Project name:     AWS_Wifi[0m
[0;32mI (455) app_init: App version:      1[0m
[0;32mI (459) app_init: Compile time:     Oct 22 2025 01:09:30[0m
[0;32mI (464) app_init: ELF file SHA256:  2ae23f5ef...[0m
[0;32mI (468) app_init: ESP-IDF:          v6.0-dev-2980-gab149384e1[0m
[0;32mI (473) efuse_init: Min chip rev:     v0.0[0m
[0;32mI (477) efuse_init: Max chip rev:     v3.99 [0m
[0;32mI (481) efuse_init: Chip rev:         v3.1[0m
[0;32mI (485) heap_init: Initializing. RAM available for dynamic allocation:[0m
[0;32mI (491) heap_init: At 3FFAE6E0 len 00001920 (6 KiB): DRAM[0m
[0;32mI (496) heap_init: At 3FFB8AA0 len 00027560 (157 KiB): DRAM[0m
[0;32mI (502) heap_init: At 3FFE0440 len 00003AE0 (14 KiB): D/IRAM[0m
[0;32mI (507) heap_init: At 3FFE4350 len 0001BCB0 (111 KiB): D/IRAM[0m
[0;32mI (513) heap_init: At 40095710 len 0000A8F0 (42 KiB): IRAM[0m
[0;33mW (519) spi_flash: Detected boya flash chip but using generic driver. For optimal functionality, enable `SPI_FLASH_SUPPORT_BOYA_CHIP` in menuconfig[0m
[0;32mI (531) spi_flash: detected chip: generic[0m
[0;32mI (534) spi_flash: flash io: dio[0m
[0;33mW (537) spi_flash: Detected size(4096k) larger than the size in the binary image header(2048k). Using the size in the binary image header.[0m
[0;32mI (551) main_task: Started on CPU0[0m
[0;32mI (554) main_task: Calling app_main()[0m
[0;32mI (556) AWS_IOT: Iniciando aplica√ß√£o AWS IoT Core[0m
[0;32mI (590) wifi:wifi driver task: 3ffc1bcc, prio:23, stack:6656, core=0[0m
[0;32mI (605) wifi:wifi firmware version: d651973[0m
[0;32mI (605) wifi:wifi certification version: v7.0[0m
[0;32mI (605) wifi:config NVS flash: enabled[0m
[0;32mI (606) wifi:config nano formatting: disabled[0m
[0;32mI (610) wifi:Init data frame dynamic rx buffer num: 32[0m
[0;32mI (615) wifi:Init static rx mgmt buffer num: 5[0m
[0;32mI (619) wifi:Init management short buffer num: 32[0m
[0;32mI (623) wifi:Init dynamic tx buffer num: 32[0m
[0;32mI (627) wifi:Init static rx buffer size: 1600[0m
[0;32mI (631) wifi:Init static rx buffer num: 10[0m
[0;32mI (635) wifi:Init dynamic rx buffer num: 32[0m
[0;32mI (640) wifi_init: rx ba win: 6[0m
[0;32mI (642) wifi_init: accept mbox: 6[0m
[0;32mI (645) wifi_init: tcpip mbox: 32[0m
[0;32mI (648) wifi_init: udp mbox: 6[0m
[0;32mI (650) wifi_init: tcp mbox: 6[0m
[0;32mI (653) wifi_init: tcp tx win: 5760[0m
[0;32mI (656) wifi_init: tcp rx win: 5760[0m
[0;32mI (660) wifi_init: tcp mss: 1440[0m
[0;32mI (663) wifi_init: WiFi IRAM OP enabled[0m
[0;32mI (666) wifi_init: WiFi RX IRAM OP enabled[0m
[0;32mI (672) phy_init: phy_version 4861,b71b5ad,Aug  5 2025,11:16:06[0m
[0;32mI (757) phy_init: Saving new calibration data due to checksum failure or outdated calibration data, mode(0)[0m
[0;32mI (775) wifi:mode : sta (44:1d:64:f2:2b:b0)[0m
[0;32mI (776) wifi:enable tsf[0m
[0;32mI (778) AWS_IOT: WiFi iniciado. Conectando ao SSID:spot[0m
[0;32mI (3198) AWS_IOT: WiFi desconectado, tentando reconectar...[0m
Kj
[0;32mI (491) heap_init: At 3FFAE6E0 len 00001920 (6 KiB): DRAM[0m
[0;32mI (496) heap_init: At 3FFB8AA0 len 00027560 (157 KiB): DRAM[0mGuru Meditation Error: Core  1 panic'ed (IllegalInstruction). Exception was unhandled.
Memory dump at 0x4003404c: 7cf49951 62545aca 60600015
Core  1 register dump:
PC      : 0x40034052  PS      : 0x00060030  A0      : 0x80081075  A1      : 0x3ffe7d80  
A2      : 0x00003e80  A3      : 0x00935190  A4      : 0x3ffe4358  A5      : 0x00000d0c  
A6      : 0x00000001  A7      : 0x3ff005a0  A8      : 0x80008547  A9      : 0x3ffe7d70  
A10     : 0x00000cf3  A11     : 0x3ff00328  A12     : 0x00000019  A13     : 0x00000000  
A14     : 0x00000000  A15     : 0x00000005  SAR     : 0x00000007  EXCCAUSE: 0x00000000  
EXCVADDR: 0x00000000  LBEG    : 0x4000c2e0  LEND    : 0x4000c2f6  LCOUNT  : 0x00000000  


Backtrace: 0x4003404f:0x3ffe7d80 0x40081072:0x3ffe7da0 0x40007c15:0x3ffe7dc0 0x4000073d:0x3ffe7e30




ELF file SHA256: 2ae23f5ef

Rebooting...
ets Jul 29 2019 12:21:46

rst:0xc (SW_CPU_RESET),boot:0x13 (SPI_FAST_FLASH_BOOT)
configsip: 0, SPIWP:0xee
clk_drv:0x00,q_drv:0x00,d_drv:0x00,cs0_drv:0x00,hd_drv:0x00,wp_drv:0x00
mode:DIO, clock div:2
load:0x3fff0040,len:6376
load:0x40078000,len:15900
ho 0 tail 12 room 4
load:0x40080400,len:3920
entry 0x40080644
[0;32mI (29) boot: ESP-IDF v6.0-dev-2980-gab149384e1 2nd stage bootloader[0m
[0;32mI (29) boot: compile time Oct 22 2025 01:09:15[0m
[0;32mI (29) boot: Multicore bootloader[0m
[0;32mI (32) boot: chip revision: v3.1[0m
[0;32mI (35) boot.esp32: SPI Speed      : 40MHz[0m
[0;32mI (39) boot.esp32: SPI Mode       : DIO[0m
[0;32mI (42) boot.esp32: SPI Flash Size : 2MB[0m
[0;32mI (46) boot: Enabling RNG early entropy source...[0m
[0;32mI (50) boot: Partition Table:[0m
[0;32mI (53) boot: ## Label            Usage          Type ST Offset   Length[0m
[0;32mI (59) boot:  0 nvs              WiFi data        01 02 00009000 00006000[0m
[0;32mI (66) boot:  1 phy_init         RF data          01 01 0000f000 00001000[0m
[0;32mI (72) boot:  2 factory          factory app      00 00 00010000 00100000[0m
[0;32mI (79) boot: End of partition table[0m
[0;32mI (82) esp_image: segment 0: paddr=00010020 vaddr=3f400020 size=1f758h (128856) map[0m
[0;32mI (135) esp_image: segment 1: paddr=0002f780 vaddr=3ffb0000 size=00898h (  2200) load[0m
[0;32mI (137) esp_image: segment 2: paddr=00030020 vaddr=400d0020 size=a07a0h (657312) map[0m
[0;32mI (373) esp_image: segment 3: paddr=000d07c8 vaddr=3ffb0898 size=0388ch ( 14476) load[0m
[0;32mI (379) esp_image: segment 4: paddr=000d405c vaddr=40080000 size=15710h ( 87824) load[0m
[0;32mI (415) esp_image: segment 5: paddr=000e9774 vaddr=50000000 size=00024h (    36) load[0m
[0;32mI (426) boot: Loaded app from partition at offset 0x10000[0m
[0;32mI (426) boot: Disabling RNG early entropy source...[0m
[0;32mI (437) cpu_start: Multicore app[0m
[0;32mI (445) cpu_start: GPIO 3 and 1 are used as console UART I/O pins[0m
[0;32mI (445) cpu_start: Pro cpu start user code[0m
[0;32mI (445) cpu_start: cpu freq: 160000000 Hz[0m
[0;32mI (447) app_init: Application information:[0m
[0;32mI (451) app_init: Project name:     AWS_Wifi[0m
[0;32mI (455) app_init: App version:      1[0m
[0;32mI (458) app_init: Compile time:     Oct 22 2025 01:09:30[0m
[0;32mI (463) app_init: ELF file SHA256:  2ae23f5ef...[0m
[0;32mI (468) app_init: ESP-IDF:          v6.0-dev-2980-gab149384e1[0m
[0;32mI (473) efuse_init: Min chip rev:     v0.0[0m
[0;32mI (477) efuse_init: Max chip rev:     v3.99 [0m
[0;32mI (481) efuse_init: Chip rev:         v3.1[0m
[0;32mI (485) heap_init: Initializing. RAM available for dynamic allocation:[0m
[0;32mI (491) heap_init: At 3FFAE6E0 len 00001920 (6 KiB): DRAM[0m
[0;32mI (496) heap_init: At 3FFB8AA0 len 00027560 (157 KiB): DRAM[0m
[0;32mI (501) heap_init: At 3FFE0440 len 00003AE0 (14 KiB): D/IRAM[0m
[0;32mI (507) heap_init: At 3FFE4350 len 0001BCB0 (111 KiB): D/IRAM[0m
[0;32mI (512) heap_init: At 40095710 len 0000A8F0 (42 KiB): IRAM[0m
[0;33mW (519) spi_flash: Detected boya flash chip but using generic driver. For optimal functionality, enable `SPI_FLASH_SUPPORT_BOYA_CHIP` in menuconfig[0m
[0;32mI (531) spi_flash: detected chip: generic[0m
[0;32mI (534) spi_flash: flash io: dio[0m
[0;33mW (537) spi_flash: Detected size(4096k) larger than the size in the binary image header(2048k). Using the size in the binary image header.[0m
[0;32mI (551) main_task: Started on CPU0[0m
[0;32mI (554) main_task: Calling app_main()[0m
[0;32mI (556) AWS_IOT: Iniciando aplica√ß√£o AWS IoT Core[0m
[0;32mI (591) wifi:wifi driver task: 3ffc1bcc, prio:23, stack:6656, core=0[0m
[0;32mI (606) wifi:wifi firmware version: d651973[0m
[0;32mI (606) wifi:wifi certification version: v7.0[0m
[0;32mI (606) wifi:config NVS flash: enabled[0m
[0;32mI (607) wifi:config nano formatting: disabled[0m
[0;32mI (611) wifi:Init data frame dynamic rx buffer num: 32[0m
[0;32mI (616) wifi:Init static rx mgmt buffer num: 5[0m
[0;32mI (620) wifi:Init management short buffer num: 32[0m
[0;32mI (624) wifi:Init dynamic tx buffer num: 32[0m
[0;32mI (628) wifi:Init static rx buffer size: 1600[0m
[0;32mI (632) wifi:Init static rx buffer num: 10[0m
[0;32mI (636) wifi:Init dynamic rx buffer num: 32[0m
[0;32mI (641) wifi_init: rx ba win: 6[0m
[0;32mI (643) wifi_init: accept mbox: 6[0m
[0;32mI (646) wifi_init: tcpip mbox: 32[0m
[0;32mI (649) wifi_init: udp mbox: 6[0m
[0;32mI (651) wifi_init: tcp mbox: 6[0m
[0;32mI (654) wifi_init: tcp tx win: 5760[0m
[0;32mI (657) wifi_init: tcp rx win: 5760[0m
[0;32mI (661) wifi_init: tcp mss: 1440[0m
[0;32mI (664) wifi_init: WiFi IRAM OP enabled[0m
[0;32mI (667) wifi_init: WiFi RX IRAM OP enabled[0m
[0;32mI (673) phy_init: phy_version 4861,b71b5ad,Aug  5 2025,11:16:06[0m
[0;32mI (758) phy_init: Saving new calibration data due to checksum failure or outdated calibration data, mode(0)[0m
[0;32mI (776) wifi:mode : sta (44:1d:64:f2:2b:b0)[0m
[0;32mI (777) wifi:enable tsf[0m
[0;32mI (780) AWS_IOT: WiFi iniciado. Conectando ao SSID:spot[0m
[0;32mI (3199) AWS_IOT: WiFi desconectado, tentando reconectar...[0m
[0;32mI (5617) AWS_IOT: WiFi desconectado, tentando reconectar...[0m
[0;32mI (5784) AWS_IOT: Other event id:7[0m
[1;31mE (5786) esp-tls: couldn't get hostname for :a1gqpq2oiyi1r1-ats.iot.sa-east-1.amazonaws.com: getaddrinfo() returns 202, addrinfo=0x0[0m
[1;31mE (5788) esp-tls: Failed to open new connection[0m
[1;31mE (5792) transport_base: Failed to open a new connection[0m
[1;31mE (5798) mqtt_client: Error transport connect[0m
[0;32mI (5802) AWS_IOT: MQTT_EVENT_ERROR[0m
[1;31mE (5805) AWS_IOT: Last error reported from esp-tls: 0x8001[0m
[0;32mI (5810) AWS_IOT: Last errno string (Success)[0m
[0;32mI (5814) AWS_IOT: MQTT_EVENT_DISCONNECTED[0m
[0;32mI (8037) AWS_IOT: WiFi desconectado, tentando reconectar...[0m
[0;33mW (8818) AWS_IOT: MQTT n√£o conectado, aguardando...[0m
[0;32mI (8818) AWS_IOT: Aplica√ß√£o iniciada com sucesso![0m
[0;32mI (8819) main_task: Returned from app_main()[0m
[0;32mI (10456) AWS_IOT: WiFi desconectado, tentando reconectar...[0m
[0;32mI (12874) AWS_IOT: WiFi desconectado, tentando reconectar...[0m
[0;32mI (15292) AWS_IOT: WiFi desconectado, tentando reconectar...[0m
[0;32mI (15819) AWS_IOT: Other event id:7[0m
[1;31mE (15820) esp-tls: couldn't get hostname for :a1gqpq2oiyi1r1-ats.iot.sa-east-1.amazonaws.com: getaddrinfo() returns 202, addrinfo=0x0[0m
[1;31mE (15823) esp-tls: Failed to open new connection[0m
[1;31mE (15828) transport_base: Failed to open a new connection[0m
[1;31mE (15833) mqtt_client: Error transport connect[0m
[0;32mI (15837) AWS_IOT: MQTT_EVENT_ERROR[0m
[1;31mE (15840) AWS_IOT: Last error reported from esp-tls: 0x8001[0m
[0;32mI (15845) AWS_IOT: Last errno string (Success)[0m
[0;32mI (15850) AWS_IOT: MQTT_EVENT_DISCONNECTED[0m
[0;32mI (17712) AWS_IOT: WiFi desconectado, tentando reconectar...[0m
[0;33mW (18818) AWS_IOT: MQTT n√£o conectado, aguardando...[0m
[0;32mI (20130) AWS_IOT: WiFi desconectado, tentando reconectar...[0m
[0;32mI (22548) AWS_IOT: WiFi desconectado, tentando reconectar...[0m
[0;32mI (24967) AWS_IOT: WiFi desconectado, tentando reconectar...[0m
[0;32mI (25854) AWS_IOT: Other event id:7[0m
[1;31mE (25855) esp-tls: couldn't get hostname for :a1gqpq2oiyi1r1-ats.iot.sa-east-1.amazonaws.com: getaddrinfo() returns 202, addrinfo=0x0[0m
[1;31mE (25858) esp-tls: Failed to open new connection[0m
[1;31mE (25863) transport_base: Failed to open a new connection[0m
[1;31mE (25868) mqtt_client: Error transport connect[0m
[0;32mI (25872) AWS_IOT: MQTT_EVENT_ERROR[0m
[1;31mE (25875) AWS_IOT: Last error reported from esp-tls: 0x8001[0m
[0;32mI (25880) AWS_IOT: Last errno string (Success)[0m
[0;32mI (25885) AWS_IOT: MQTT_EVENT_DISCONNECTED[0m
[0;32mI (3197) AWS_IOT: WiFi desconectado, tentando reconectar...[0m
[0;32mI (5616) AWS_IOT: WiFi desconectado, tentando reconectar...[0m
[0;32mI (5782) AWS_IOT: Other event id:7[0m
[1;31mE (5783) esp-tls: couldn't get hostname for :a1gqpq2oiyi1r1-ats.iot.sa-east-1.amazonaws.com: getaddrinfo() returns 202, addrinfo=0x0[0m
[1;31mE (5786) esp-tls: Failed to open new connection[0m
[1;31mE (5790) transport_base: Failed to open a new connection[0m
[1;31mE (5796) mqtt_client: Error transport connect[0m
[0;32mI (5800) AWS_IOT: MQTT_EVENT_ERROR[0m
[1;31mE (5803) AWS_IOT: Last error reported from esp-tls: 0x8001[0m
[0;32mI (5808) AWS_IOT: Last errno string (Success)[0m
[0;32mI (5812) AWS_IOT: MQTT_EVENT_DISCONNECTED[0m
[0;32mI (8035) AWS_IOT: WiFi desconectado, tentando reconectar...[0m
[0;33mW (8784) AWS_IOT: MQTT n√£o conectado, aguardando...[0m
[0;32mI (8784) AWS_IOT: Aplica√ß√£o iniciada com sucesso![0m
[0;32mI (8785) main_task: Returned from app_main()[0m
[0;32mI (10454) AWS_IOT: WiFi desconectado, tentando reconectar...[0m
[0;32mI (12873) AWS_IOT: WiFi desconectado, tentando reconectar...[0m
[0;32mI (15291) AWS_IOT: WiFi desconectado, tentando reconectar...[0m
[0;32mI (15817) AWS_IOT: Other event id:7[0m
[1;31mE (15818) esp-tls: couldn't get hostname for :a1gqpq2oiyi1r1-ats.iot.sa-east-1.amazonaws.com: getaddrinfo() returns 202, addrinfo=0x0[0m
[1;31mE (15821) esp-tls: Failed to open new connection[0m
[1;31mE (15826) transport_base: Failed to open a new connection[0m
[1;31mE (15831) mqtt_client: Error transport connect[0m
[0;32mI (15835) AWS_IOT: MQTT_EVENT_ERROR[0m
[1;31mE (15838) AWS_IOT: Last error reported from esp-tls: 0x8001[0m
[0;32mI (15843) AWS_IOT: Last errno string (Success)[0m
[0;32mI (15848) AWS_IOT: MQTT_EVENT_DISCONNECTED[0m
[0;32mI (17710) AWS_IOT: WiFi desconectado, tentando reconectar...[0m
[0;33mW (18784) AWS_IOT: MQTT n√£o conectado, aguardando...[0m
[0;32mI (20128) AWS_IOT: WiFi desconectado, tentando reconectar...[0m
[0;32mI (22547) AWS_IOT: WiFi desconectado, tentando reconectar...[0m
[0;32mI (24965) AWS_IOT: WiFi desconectado, tentando reconectar...[0m
[0;32mI (25852) AWS_IOT: Other event id:7[0m
[1;31mE (25853) esp-tls: couldn't get hostname for :a1gqpq2oiyi1r1-ats.iot.sa-east-1.amazonaws.com: getaddrinfo() returns 202, addrinfo=0x0[0m
[1;31mE (25856) esp-tls: Failed to open new connection[0m
[1;31mE (25861) transport_base: Failed to open a new connection[0m
[1;31mE (25866) mqtt_client: Error transport connect[0m
[0;32mI (25870) AWS_IOT: MQTT_EVENT_ERROR[0m
[1;31mE (25873) AWS_IOT: Last error reported from esp-tls: 0x8001[0m
[0;32mI (25878) AWS_IOT: Last errno string (Success)[0m
[0;32mI (25883) AWS_IOT: MQTT_EVENT_DISCONNECTED[0m
[0;32mI (27384) AWS_IOT: WiFi desconectado, tentando reconectar...[0m
[0;33mW (28784) AWS_IOT: MQTT n√£o conectado, aguardando...[0m
[0;32mI (29802) AWS_IOT: WiFi desconectado, tentando reconectar...[0m
[0;32mI (32220) AWS_IOT: WiFi desconectado, tentando reconectar...[0m
[0;32mI (34638) AWS_IOT: WiFi desconectado, tentando reconectar...[0m
[0;32mI (35887) AWS_IOT: Other event id:7[0m
[1;31mE (35888) esp-tls: couldn't get hostname for :a1gqpq2oiyi1r1-ats.iot.sa-east-1.amazonaws.com: getaddrinfo() returns 202, addrinfo=0x0[0m
[1;31mE (35891) esp-tls: Failed to open new connection[0m
[1;31mE (35896) transport_base: Failed to open a new connection[0m
[1;31mE (35901) mqtt_client: Error transport connect[0m
[0;32mI (35905) AWS_IOT: MQTT_EVENT_ERROR[0m
[1;31mE (35908) AWS_IOT: Last error reported from esp-tls: 0x8001[0m
[0;32mI (35913) AWS_IOT: Last errno string (Success)[0m
[0;32mI (35918) AWS_IOT: MQTT_EVENT_DISCONNECTED[0m
[0;32mI (37057) AWS_IOT: WiFi desconectado, tentando reconectar...[0m
[0;33mW (38784) AWS_IOT: MQTT n√£o conectado, aguardando...[0m
[0;32mI (39476) AWS_IOT: WiFi desconectado, tentando reconectar...[0m
[0;32mI (41893) AWS_IOT: WiFi desconectado, tentando reconectar...[0m
[0;32mI (44312) AWS_IOT: WiFi desconectado, tentando reconectar...[0m
[0;32mI (45922) AWS_IOT: Other event id:7[0m
[1;31mE (45923) esp-tls: couldn't get hostname for :a1gqpq2oiyi1r1-ats.iot.sa-east-1.amazonaws.com: getaddrinfo() returns 202, addrinfo=0x0[0m
[1;31mE (45926) esp-tls: Failed to open new connection[0m
[1;31mE (45931) transport_base: Failed to open a new connection[0m
[1;31mE (45936) mqtt_client: Error transport connect[0m
[0;32mI (45940) AWS_IOT: MQTT_EVENT_ERROR[0m
[1;31mE (45943) AWS_IOT: Last error reported from esp-tls: 0x8001[0m
[0;32mI (45948) AWS_IOT: Last errno string (Success)[0m
[0;32mI (45953) AWS_IOT: MQTT_EVENT_DISCONNECTED[0m
[0;32mI (46731) AWS_IOT: WiFi desconectado, tentando reconectar...[0m
[0;33mW (48784) AWS_IOT: MQTT n√£o conectado, aguardando...[0m
[0;32mI (49149) AWS_IOT: WiFi desconectado, tentando reconectar...[0m
[0;32mI (51567) AWS_IOT: WiFi desconectado, tentando reconectar...[0m
[0;32mI (53986) AWS_IOT: WiFi desconectado, tentando reconectar...[0m
[0;32mI (55957) AWS_IOT: Other event id:7[0m
[1;31mE (55958) esp-tls: couldn't get hostname for :a1gqpq2oiyi1r1-ats.iot.sa-east-1.amazonaws.com: getaddrinfo() returns 202, addrinfo=0x0[0m
[1;31mE (55961) esp-tls: Failed to open new connection[0m
[1;31mE (55966) transport_base: Failed to open a new connection[0m
[1;31mE (55971) mqtt_client: Error transport connect[0m
[0;32mI (55975) AWS_IOT: MQTT_EVENT_ERROR[0m
[1;31mE (55978) AWS_IOT: Last error reported from esp-tls: 0x8001[0m
[0;32mI (55983) AWS_IOT: Last errno string (Success)[0m
[0;32mI (55988) AWS_IOT: MQTT_EVENT_DISCONNECTED[0m
[0;32mI (56405) AWS_IOT: WiFi desconectado, tentando reconectar...[0m
[0;33mW (58784) AWS_IOT: MQTT n√£o conectado, aguardando...[0m
[0;32mI (58823) AWS_IOT: WiFi desconectado, tentando reconectar...[0m
[0;32mI (61241) AWS_IOT: WiFi desconectado, tentando reconectar...[0m
[0;32mI (63659) AWS_IOT: WiFi desconectado, tentando reconectar...[0m
[0;32mI (65992) AWS_IOT: Other event id:7[0m
[1;31mE (65993) esp-tls: couldn't get hostname for :a1gqpq2oiyi1r1-ats.iot.sa-east-1.amazonaws.com: getaddrinfo() returns 202, addrinfo=0x0[0m
[1;31mE (65996) esp-tls: Failed to open new connection[0m
[1;31mE (66001) transport_base: Failed to open a new connection[0m
[1;31mE (66006) mqtt_client: Error transport connect[0m
[0;32mI (66010) AWS_IOT: MQTT_EVENT_ERROR[0m
[1;31mE (66013) AWS_IOT: Last error reported from esp-tls: 0x8001[0m
[0;32mI (66018) AWS_IOT: Last errno string (Success)[0m
[0;32mI (66023) AWS_IOT: MQTT_EVENT_DISCONNECTED[0m
[0;32mI (66078) AWS_IOT: WiFi desconectado, tentando reconectar...[0m
[0;32mI (68497) AWS_IOT: WiFi desconectado, tentando reconectar...[0m
[0;33mW (68784) AWS_IOT: MQTT n√£o conectado, aguardando...[0m
[0;32mI (70915) AWS_IOT: WiFi desconectado, tentando reconectar...[0m
"ÂπÖÔøΩÔøΩÔøΩÔøΩrx buffer num: 32
[0;32mI (640) wifi_init: rx ba win: 6[0m
[0;32mI (641) wifi_init: accept mbox: 6[0m
[0;32mI (644) wifi_init: tcpip mbox: 32[0m
[0;32mI (647) wifi_init: udp mbox: 6[0m
[0;32mI (650) wifi_init: tcp mbox: 6[0m
[0;32mI (653) wifi_init: tcp tx win: 5760[0m
[0;32mI (656) wifi_init: tcp rx win: 5760[0m
[0;32mI (659) wifi_init: tcp mss: 1440[0m
[0;32mI (662) wifi_init: WiFi IRAM OP enabled[0m
[0;32mI (665) wifi_init: WiFi RX IRAM OP enabled[0m
[0;32mI (671) phy_init: phy_version 4861,b71b5ad,Aug  5 2025,11:16:06[0m
[0;32mI (759) wifi:mode : sta (44:1d:64:f2:2b:b0)[0m
[0;32mI (760) wifi:enable tsf[0m
[0;32mI (763) AWS_IOT: WiFi iniciado. Conectando ao SSID:spot[0m
[0;32mI (3182) AWS_IOT: WiFi desconectado, tentando reconectar...[0m
[0;32mI (5601) AWS_IOT: WiFi desconectado, tentando reconectar...[0m
[0;32mI (5767) AWS_IOT: Other event id:7[0m
[1;31mE (5768) esp-tls: couldn't get hostname for :a1gqpq2oiyi1r1-ats.iot.sa-east-1.amazonaws.com: getaddrinfo() returns 202, addrinfo=0x0[0m
[1;31mE (5771) esp-tls: Failed to open new connection[0m
[1;31mE (5775) transport_base: Failed to open a new connection[0m
[1;31mE (5781) mqtt_client: Error transport connect[0m
[0;32mI (5785) AWS_IOT: MQTT_EVENT_ERROR[0m
[1;31mE (5788) AWS_IOT: Last error reported from esp-tls: 0x8001[0m
[0;32mI (5793) AWS_IOT: Last errno string (Success)[0m
[0;32mI (5797) AWS_IOT: MQTT_EVENT_DISCONNECTED[0m
[0;32mI (8020) AWS_IOT: WiFi desconectado, tentando reconectar...[0m
[0;33mW (8769) AWS_IOT: MQTT n√£o conectado, aguardando...[0m
[0;32mI (8769) AWS_IOT: Aplica√ß√£o iniciada com sucesso![0m
[0;32mI (8770) main_task: Returned from app_main()[0m
[0;32mI (10440) AWS_IOT: WiFi desconectado, tentando reconectar...[0m
[0;32mI (12858) AWS_IOT: WiFi desconectado, tentando reconectar...[0m
[0;32mI (15276) AWS_IOT: WiFi desconectado, tentando reconectar...[0m
[0;32mI (15802) AWS_IOT: Other event id:7[0m
[1;31mE (15803) esp-tls: couldn't get hostname for :a1gqpq2oiyi1r1-ats.iot.sa-east-1.amazonaws.com: getaddrinfo() returns 202, addrinfo=0x0[0m
[1;31mE (15806) esp-tls: Failed to open new connection[0m
[1;31mE (15811) transport_base: Failed to open a new connection[0m
[1;31mE (15816) mqtt_client: Error transport connect[0m
[0;32mI (15820) AWS_IOT: MQTT_EVENT_ERROR[0m
[1;31mE (15823) AWS_IOT: Last error reported from esp-tls: 0x8001[0m
[0;32mI (15828) AWS_IOT: Last errno string (Success)[0m
[0;32mI (15833) AWS_IOT: MQTT_EVENT_DISCONNECTED[0m
[0;32mI (17695) AWS_IOT: WiFi desconectado, tentando reconectar...