Command: /home/juan/.espressif/python_env/idf6.0_py3.12_env/bin/python /home/juan/esp-idf/tools/idf_monitor.py -p /dev/ttyACM0 -b 115200 --toolchain-prefix xtensa-esp32-elf- --target esp32 --revision 0 /mnt/42849DD9849DCFB1/ufc/2025.2/Embarcados/esp32/idf/AWS_Wifi/build/AWS_Wifi.elf /mnt/42849DD9849DCFB1/ufc/2025.2/Embarcados/esp32/idf/AWS_Wifi/build/bootloader/bootloader.elf -m '/home/juan/.espressif/python_env/idf6.0_py3.12_env/bin/python' '/home/juan/esp-idf/tools/idf.py'
ets Jul 29 2019 12:21:46ï¿½ets Jul 29 2019 12:21:46

rst:0x1 (POWERON_RESET),boot:0x13 (SPI_FAST_FLASH_BOOT)
configsip: 0, SPIWP:0xee
clk_drv:0x00,q_drv:0x00,d_drv:0x00,cs0_drv:0x00,hd_drv:0x00,wp_drv:0x00
mode:DIO, clock div:2
load:0x3fff0040,len:6376
load:0x40078000,len:15900
ho 0 tail 12 room 4
load:0x40080400,len:3920
entry 0x40080644
[0;32mI (29) boot: ESP-IDF v6.0-dev-2980-gab149384e1 2nd stage bootloader[0m
[0;32mI (29) boot: compile time Oct 21 2025 23:52:26[0m
[0;32mI (29) boot: Multicore bootloader[0m
[0;32mI (32) boot: chip revision: v3.1[0m
[0;32mI (35) boot.esp32: SPI Speed      : 40MHz[0m
[0;32mI (39) boot.esp32: SPI Mode       : DIO[0m
[0;32mI (42) boot.esp32: SPI Flash Size : 2MB[0m
[0;32mI (46) boot: Enabling RNG early entropy source...[0m
[0;32mI (50) boot: Partition Table:[0m
[0;32mI (53) boot: ## Label            Usage          Type ST Offset   Length[0m
[0;32mI (59) boot:  0 nvs              WiFi data        01 02 00009000 00006000[0m
[0;32mI (66) boot:  1 phy_init         RF data          01 01 0000f000 00001000[0m
[0;32mI (72) boot:  2 factory          factory app      00 00 00010000 00100000[0m
[0;32mI (79) boot: End of partition table[0m
[0;32mI (82) esp_image: segment 0: paddr=00010020 vaddr=3f400020 size=09bf0h ( 39920) map[0m
[0;32mI (104) esp_image: segment 1: paddr=00019c18 vaddr=3ffb0000 size=02630h (  9776) load[0m
[0;32mI (108) esp_image: segment 2: paddr=0001c250 vaddr=40080000 size=03dc8h ( 15816) load[0m
[0;32mI (115) esp_image: segment 3: paddr=00020020 vaddr=400d0020 size=11ad0h ( 72400) map[0m
[0;32mI (141) esp_image: segment 4: paddr=00031af8 vaddr=40083dc8 size=07150h ( 29008) load[0m
[0;32mI (153) esp_image: segment 5: paddr=00038c50 vaddr=50000000 size=00024h (    36) load[0m
[0;32mI (159) boot: Loaded app from partition at offset 0x10000[0m
[0;32mI (159) boot: Disabling RNG early entropy source...[0m
[0;32mI (171) cpu_start: Multicore app[0m
[0;32mI (179) cpu_start: GPIO 3 and 1 are used as console UART I/O pins[0m
[0;32mI (180) cpu_start: Pro cpu start user code[0m
[0;32mI (180) cpu_start: cpu freq: 160000000 Hz[0m
[0;32mI (182) app_init: Application information:[0m
[0;32mI (185) app_init: Project name:     pisca[0m
[0;32mI (189) app_init: App version:      v6.0-dev-2980-gab149384e1[0m
[0;32mI (195) app_init: Compile time:     Oct 21 2025 23:52:39[0m
[0;32mI (200) app_init: ELF file SHA256:  d45482512...[0m
[0;32mI (204) app_init: ESP-IDF:          v6.0-dev-2980-gab149384e1[0m
[0;32mI (209) efuse_init: Min chip rev:     v0.0[0m
[0;32mI (213) efuse_init: Max chip rev:     v3.99 [0m
[0;32mI (217) efuse_init: Chip rev:         v3.1[0m
[0;32mI (221) heap_init: Initializing. RAM available for dynamic allocation:[0m
[0;32mI (227) heap_init: At 3FFAE6E0 len 00001920 (6 KiB): DRAM[0m
[0;32mI (232) heap_init: At 3FFB2EF8 len 0002D108 (180 KiB): DRAM[0m
[0;32mI (238) heap_init: At 3FFE0440 len 00003AE0 (14 KiB): D/IRAM[0m
[0;32mI (243) heap_init: At 3FFE4350 len 0001BCB0 (111 KiB): D/IRAM[0m
[0;32mI (249) heap_init: At 4008AF18 len 000150E8 (84 KiB): IRAM[0m
[0;33mW (255) spi_flash: Detected boya flash chip but using generic driver. For optimal functionality, enable `SPI_FLASH_SUPPORT_BOYA_CHIP` in menuconfig[0m
[0;32mI (267) spi_flash: detected chip: generic[0m
[0;32mI (270) spi_flash: flash io: dio[0m
[0;33mW (273) spi_flash: Detected size(4096k) larger than the size in the binary image header(2048k). Using the size in the binary image header.[0m
[0;32mI (287) main_task: Started on CPU0[0m
[0;32mI (297) main_task: Calling app_main()[0m
[0;32mI (297) main: Teste de Texto Na esp32:[0m
ets Jul 29 2019 12:21:46

rst:0x8 (TG1WDT_SYS_RESET),boot:0x13 (SPI_FAST_FLASH_BOOT)
configsip: 0, SPIWP:0xee
clk_drv:0x00,q_drv:0x00,d_drv:0x00,cs0_drv:0x00,hd_drv:0x00,wp_drv:0x00
mode:DIO, clock div:2
load:0x3fff0040,len:6376
load:0x40078000,len:15900
ho 0 tail 12 room 4
load:0x40080400,len:3920
entry 0x40080644
[0;32mI (58) boot: ESP-IDF v6.0-dev-2980-gab149384e1 2nd stage bootloader[0m
[0;32mI (58) boot: compile time Oct 21 2025 23:52:26[0m
[0;32mI (58) boot: Multicore bootloader[0m
[0;32mI (61) boot: chip revision: v3.1[0m
[0;32mI (64) boot.esp32: SPI Speed      : 40MHz[0m
[0;32mI (68) boot.esp32: SPI Mode       : DIO[0m
[0;32mI (72) boot.esp32: SPI Flash Size : 2MB[0m
[0;33mW (75) boot.esp32: PRO CPU has been reset by WDT[0m
[0;33mW (79) boot.esp32: WDT rst info: PRO CPU PC=0x40081346[0m
[0;33mW (84) boot.esp32: WDT rst info: APP CPU PC=0x40081346[0m
[0;32mI (89) boot: Enabling RNG early entropy source...[0m
[0;32mI (94) boot: Partition Table:[0m
[0;32mI (96) boot: ## Label            Usage          Type ST Offset   Length[0m
[0;32mI (103) boot:  0 nvs              WiFi data        01 02 00009000 00006000[0m
[0;32mI (109) boot:  1 phy_init         RF data          01 01 0000f000 00001000[0m
[0;32mI (116) boot:  2 factory          factory app      00 00 00010000 00100000[0m
[0;32mI (122) boot: End of partition table[0m
[0;32mI (126) esp_image: segment 0: paddr=00010020 vaddr=3f400020 size=09bf0h ( 39920) map[0m
[0;32mI (148) esp_image: segment 1: paddr=00019c18 vaddr=3ffb0000 size=02630h (  9776) load[0m
[0;32mI (152) esp_image: segment 2: paddr=0001c250 vaddr=40080000 size=03dc8h ( 15816) load[0m
[0;32mI (158) esp_image: segment 3: paddr=00020020 vaddr=400d0020 size=11ad0h ( 72400) map[0m
[0;32mI (185) esp_image: segment 4: paddr=00031af8 vaddr=40083dc8 size=07150h ( 29008) load[0m
[0;32mI (197) esp_image: segment 5: paddr=00038c50 vaddr=50000000 size=00024h (    36) load[0m
[0;32mI (203) boot: Loaded app from partition at offset 0x10000[0m
[0;32mI (203) boot: Disabling RNG early entropy source...[0m
[0;32mI (215) cpu_start: Multicore app[0m
ets Jul 29 2019 12:21:46

rst:0x10 (RTCWDT_RTC_RESET),boot:0x13 (SPI_FAST_FLASH_BOOT)
configsip: 0, SPIWP:0xee
clk_drv:0x00,q_drv:0x00,d_drv:0x00,cs0_drv:0x00,hd_drv:0x00,wp_drv:0x00
mode:DIO, clock div:2
load:0x3fff0040,len:6376
load:0x40078000,len:15900
ho 0 tail 12 room 4
load:0x40080400,len:3920
entry 0x40080644
[0;32mI (30) boot: ESP-IDF v6.0-dev-2980-gab149384e1 2nd stage bootloader[0m
[0;32mI (30) boot: compile time Oct 21 2025 23:52:26[0m
[0;32mI (30) boot: Multicore bootloader[0m
[0;32mI (33) boot: chip revision: v3.1[0m
[0;32mI (35) boot.esp32: SPI Speed      : 40MHz[0m
[0;32mI (39) boot.esp32: SPI Mode       : DIO[0m
[0;32mI (43) boot.esp32: SPI Flash Size : 2MB[0m
[0;32mI (46) boot: Enabling RNG early entropy source...[0m
[0;32mI (51) boot: Partition Table:[0m
[0;32mI (53) boot: ## Label            Usage          Type ST Offset   Length[0m
[0;32mI (60) boot:  0 nvs              WiFi data        01 02 00009000 00006000[0m
[0;32mI (66) boot:  1 phy_init         RF data          01 01 0000f000 00001000[0m
[0;32mI (73) boot:  2 factory          factory app      00 00 00010000 00100000[0m
[0;32mI (79) boot: End of partition table[0m
[0;32mI (83) esp_image: segment 0: paddr=00010020 vaddr=3f400020 size=09bf0h ( 39920) map[0m
[0;32mI (104) esp_image: segment 1: paddr=00019c18 vaddr=3ffb0000 size=02630h (  9776) load[0m
[0;32mI (108) esp_image: segment 2: paddr=0001c250 vaddr=40080000 size=03dc8h ( 15816) load[0m
[0;32mI (115) esp_image: segment 3: paddr=00020020 vaddr=400d0020 size=11ad0h ( 72400) map[0m
[0;32mI (141) esp_image: segment 4: paddr=00031af8 vaddr=40083dc8 size=07150h ( 29008) load[0m
[0;32mI (154) esp_image: segment 5: paddr=00038c50 vaddr=50000000 size=00024h (    36) load[0m
[