Command: /home/juan/.espressif/python_env/idf6.0_py3.12_env/bin/python /home/juan/esp-idf/tools/idf_monitor.py -p /dev/ttyACM0 -b 115200 --toolchain-prefix xtensa-esp32-elf- --target esp32 --revision 0 /mnt/42849DD9849DCFB1/ufc/2025.2/Embarcados/esp32/idf/AWS_Wifi/build/AWS_Wifi.elf /mnt/42849DD9849DCFB1/ufc/2025.2/Embarcados/esp32/idf/AWS_Wifi/build/bootloader/bootloader.elf -m '/home/juan/.espressif/python_env/idf6.0_py3.12_env/bin/python' '/home/juan/esp-idf/tools/idf.py'
ets Jul 29 2019 12:21:4ÔøΩets Jul 29 2019 12:21:46

rst:0x1 (POWERON_RESET),boot:0x17 (SPI_FAST_FLASH_BOOT)
configsip: 0, SPIWP:0xee
clk_drv:0x00,q_drv:0x00,d_drv:0x00,cs0_drv:0x00,hd_drv:0x00,wp_drv:0x00
mode:DIO, clock div:2
load:0x3fff0040,len:6376
load:0x40078000,len:15900
ho 0 tail 12 room 4
load:0x40080400,len:3920
entry 0x40080644
[0;32mI (29) boot: ESP-IDF v6.0-dev-2980-gab149384e1 2nd stage bootloader[0m
[0;32mI (29) boot: compile time Oct 22 2025 01:09:15[0m
[0;32mI (29) boot: Multicore bootloader[0m
[0;32mI (32) boot: chip revision: v3.1[0m
[0;32mI (35) boot.esp32: SPI Speed      : 40MHz[0m
[0;32mI (39) boot.esp32: SPI Mode       : DIO[0m
[0;32mI (42) boot.esp32: SPI Flash Size : 2MB[0m
[0;32mI (46) boot: Enabling RNG early entropy source...[0m
[0;32mI (50) boot: Partition Table:[0m
[0;32mI (53) boot: ## Label            Usage          Type ST Offset   Length[0m
[0;32mI (59) boot:  0 nvs              WiFi data        01 02 00009000 00006000[0m
[0;32mI (66) boot:  1 phy_init         RF data          01 01 0000f000 00001000[0m
[0;32mI (72) boot:  2 factory          factory app      00 00 00010000 00100000[0m
[0;32mI (79) boot: End of partition table[0m
[0;32mI (82) esp_image: segment 0: paddr=00010020 vaddr=3f400020 size=1fc28h (130088) map[0m
[0;32mI (136) esp_image: segment 1: paddr=0002fc50 vaddr=3ffb0000 size=003c8h (   968) load[0m
[0;32mI (137) esp_image: segment 2: paddr=00030020 vaddr=400d0020 size=a1600h (660992) map[0m
[0;32mI (375) esp_image: segment 3: paddr=000d1628 vaddr=3ffb03c8 size=03d7ch ( 15740) load[0m
[0;32mI (382) esp_image: segment 4: paddr=000d53ac vaddr=40080000 size=15770h ( 87920) load[0m
[0;32mI (418) esp_image: segment 5: paddr=000eab24 vaddr=50000000 size=00024h (    36) load[0m
[0;32mI (429) boot: Loaded app from partition at offset 0x10000[0m
[0;32mI (429) boot: Disabling RNG early entropy source...[0m
[0;32mI (439) cpu_start: Multicore app[0m
[0;32mI (447) cpu_start: GPIO 3 and 1 are used as console UART I/O pins[0m
[0;32mI (448) cpu_start: Pro cpu start user code[0m
[0;32mI (448) cpu_start: cpu freq: 160000000 Hz[0m
[0;32mI (450) app_init: Application information:[0m
[0;32mI (453) app_init: Project name:     AWS_Wifi[0m
[0;32mI (457) app_init: App version:      1[0m
[0;32mI (461) app_init: Compile time:     Oct 22 2025 01:09:30[0m
[0;32mI (466) app_init: ELF file SHA256:  3ff20968f...[0m
[0;32mI (470) app_init: ESP-IDF:          v6.0-dev-2980-gab149384e1[0m
[0;32mI (476) efuse_init: Min chip rev:     v0.0[0m
[0;32mI (479) efuse_init: Max chip rev:     v3.99 [0m
[0;32mI (483) efuse_init: Chip rev:         v3.1[0m
[0;32mI (488) heap_init: Initializing. RAM available for dynamic allocation:[0m
[0;32mI (494) heap_init: At 3FFAE6E0 len 00001920 (6 KiB): DRAM[0m
[0;32mI (499) heap_init: At 3FFB8AC0 len 00027540 (157 KiB): DRAM[0m
[0;32mI (504) heap_init: At 3FFE0440 len 00003AE0 (14 KiB): D/IRAM[0m
[0;32mI (509) heap_init: At 3FFE4350 len 0001BCB0 (111 KiB): D/IRAM[0m
[0;32mI (515) heap_init: At 40095770 len 0000A890 (42 KiB): IRAM[0m
[0;33mW (522) spi_flash: Detected boya flash chip but using generic driver. For optimal functionality, enable `SPI_FLASH_SUPPORT_BOYA_CHIP` in menuconfig[0m
[0;32mI (533) spi_flash: detected chip: generic[0m
[0;32mI (537) spi_flash: flash io: dio[0m
[0;33mW (540) spi_flash: Detected size(4096k) larger than the size in the binary image header(2048k). Using the size in the binary image header.[0m
[0;32mI (553) main_task: Started on CPU0[0m
[0;32mI (556) main_task: Calling app_main()[0m
[0;32mI (586) wifi:wifi driver task: 3ffc1cf4, prio:23, stack:6656, core=0[0m
[0;32mI (602) wifi:wifi firmware version: d651973[0m
[0;32mI (603) wifi:wifi certification version: v7.0[0m
[0;32mI (603) wifi:config NVS flash: enabled[0m
[0;32mI (603) wifi:config nano formatting: disabled[0m
[0;32mI (607) wifi:Init data frame dynamic rx buffer num: 32[0m
[0;32mI (612) wifi:Init static rx mgmt buffer num: 5[0m
[0;32mI (616) wifi:Init management short buffer num: 32[0m
[0;32mI (621) wifi:Init dynamic tx buffer num: 32[0m
[0;32mI (625) wifi:Init static rx buffer size: 1600[0m
[0;32mI (629) wifi:Init static rx buffer num: 10[0m
[0;32mI (632) wifi:Init dynamic rx buffer num: 32[0m
[0;32mI (638) wifi_init: rx ba win: 6[0m
[0;32mI (639) wifi_init: accept mbox: 6[0m
[0;32mI (642) wifi_init: tcpip mbox: 32[0m
[0;32mI (645) wifi_init: udp mbox: 6[0m
[0;32mI (648) wifi_init: tcp mbox: 6[0m
[0;32mI (651) wifi_init: tcp tx win: 5760[0m
[0;32mI (654) wifi_init: tcp rx win: 5760[0m
[0;32mI (657) wifi_init: tcp mss: 1440[0m
[0;32mI (660) wifi_init: WiFi IRAM OP enabled[0m
[0;32mI (664) wifi_init: WiFi RX IRAM OP enabled[0m
[0;32mI (670) phy_init: phy_version 4861,b71b5ad,Aug  5 2025,11:16:06[0m
[0;32mI (753) phy_init: Saving new calibration data due to checksum failure or outdated calibration data, mode(0)[0m
[0;32mI (814) wifi:mode : sta (44:1d:64:f2:2b:b0)[0m
[0;32mI (815) wifi:enable tsf[0m
[0;32mI (818) WIFI_MANAGER: WiFi iniciado. Conectando ao SSID:UFC_QUIXADA[0m
[0;32mI (3237) WIFI_MANAGER: WiFi desconectado, tentando reconectar...[0m
[0;32mI (5656) WIFI_MANAGER: WiFi desconectado, tentando reconectar...[0m
[1;31mE (5823) esp-tls: couldn't get hostname for :a1gqpq2oiyi1r1-ats.iot.sa-east-1.amazonaws.com: getaddrinfo() returns 202, addrinfo=0x0[0m
[1;31mE (5824) esp-tls: Failed to open new connection[0m
[1;31mE (5828) transport_base: Failed to open a new connection[0m
[1;31mE (5833) mqtt_client: Error transport connect[0m
[0;32mI (5837) MQTT_MANAGER: MQTT_EVENT_ERROR[0m
[0;32mI (5841) MQTT_MANAGER: MQTT_EVENT_DISCONNECTED[0m
[0;32mI (8076) WIFI_MANAGER: WiFi desconectado, tentando reconectar...[0m
[0;33mW (8845) PUBLISH_TASK: MQTT n√£o conectado, aguardando...[0m
[0;32mI (8846) APP_MAIN: Aplica√ß√£o iniciada com sucesso![0m
[0;32mI (10496) WIFI_MANAGER: WiFi desconectado, tentando reconectar...[0m
[0;32mI (12915) WIFI_MANAGER: WiFi desconectado, tentando reconectar...[0m
[0;32mI (15334) WIFI_MANAGER: WiFi desconectado, tentando reconectar...[0m
[1;31mE (15847) esp-tls: couldn't get hostname for :a1gqpq2oiyi1r1-ats.iot.sa-east-1.amazonaws.com: getaddrinfo() returns 202, addrinfo=0x0[0m
[1;31mE (15848) esp-tls: Failed to open new connection[0m
[1;31mE (15852) transport_base: Failed to open a new connection[0m
[1;31mE (15858) mqtt_client: Error transport connect[0m
[0;32mI (15862) MQTT_MANAGER: MQTT_EVENT_ERROR[0m
[0;32mI (15865) MQTT_MANAGER: MQTT_EVENT_DISCONNECTED[0m
[0;32mI (17754) WIFI_MANAGER: WiFi desconectado, tentando reconectar...[0m
[0;33mW (18845) PUBLISH_TASK: MQTT n√£o conectado, aguardando...[0m
[0;32mI (20173) WIFI_MANAGER: WiFi desconectado, tentando reconectar...[0m
[0;32mI (22592) WIFI_MANAGER: WiFi desconectado, tentando reconectar...[0m
[0;32mI (25011) WIFI_MANAGER: WiFi desconectado, tentando reconectar...[0m
[1;31mE (25871) esp-tls: couldn't get hostname for :a1gqpq2oiyi1r1-ats.iot.sa-east-1.amazonaws.com: getaddrinfo() returns 202, addrinfo=0x0[0m
[1;31mE (25873) esp-tls: Failed to open new connection[0m
[1;31mE (25877) transport_base: Failed to open a new connection[0m
[1;31mE (25883) mqtt_client: Error transport connect[0m
[0;32mI (25887) MQTT_MANAGER: MQTT_EVENT_ERROR[0m
[0;32mI (25890) MQTT_MANAGER: MQTT_EVENT_DISCONNECTED[0m
[0;32mI (27430) WIFI_MANAGER: WiFi desconectado, tentando reconectar...[0m
[0;33mW (28845) PUBLISH_TASK: MQTT n√£o conectado, aguardando...[0m
[0;32mI (29850) 